    .global main
main:
    movq $1000000, 8(%rbp)
    addq $1000000, 8(%rbp)
    movq 8(%rbp), %rax
