Program
    { seed = Seed 1
    , body =
        [
            ( x:0 ) :=
            ( +1000000
            , 1000000
            )
        ]
    , result =
        ( x:0 )
    }