    .global main
main:
    movq $1, 8(%Rbp)
    movq 8(%Rbp), 16(%Rbp)
    movq $1, 24(%Rbp)
    addq 8(%Rbp), 24(%Rbp)
    movq $1, 32(%Rbp)
    addq 8(%Rbp), 32(%Rbp)
    movq 32(%Rbp), %Rax
