Program
    { body = ELet "x"
        ( ELet "x"
            ( ELet "x"
                ( EInt 1 )
                ( EIdent "x" )
            )
            ( EAdd
                ( EInt 1 )
                ( EIdent "x" )
            )
        )
        ( EAdd
            ( EInt 1 )
            ( EIdent "x" )
        )
    }