    .global main
main:
    pushq %rbp
    subq $32, %rsp
    movq $1, 8(%rbp)
    movq 8(%rbp), %rax
    movq %rax, 16(%rbp)
    movq $1, 24(%rbp)
    movq 8(%rbp), %rax
    addq %rax, 24(%rbp)
    movq $1, 32(%rbp)
    movq 8(%rbp), %rax
    addq %rax, 32(%rbp)
    movq 32(%rbp), %rax
    addq $32, %rsp
    popq %rbp
    retq 