Program
  [ "t0" , "x0" , "y0" ]
  [ Li T0 (-3)
  , Sw T0 "t0"
  , Lw T0 "t0"
  , Addi T0 T0 4
  , Sw T0 "y0"
  , Lw T0 "y0"
  , Sw T0 "x0"
  , Lw A0 "x0"
  ]