Program [ "x0" ] [ Li T0 5 , Sw T0 "x0" , Lw A0 "x0" ]