Program
  { frameSize = 4 , code = [ Li T0 5 , Sw T0 0 Sp , Lw A0 0 Sp ] }