Program
    { seed = Seed 0
    , body = []
    , result = 4
    }