    .global main
main:
    pushq %rbp
    movq $4, %rax
    popq %rbp
    retq 