Program
    [ Movq
        ( AImm 4 ) ( AReg rax )
    ]