Program
    { body = EInt 4
    , seed = Seed 0
    }