Program 32
    [ Movq $5 8( %Rbp )
    , Movq 8( %Rbp ) %Rax
    ]