[ TLet
, TIdent "x"
, TBind
, TInt 5
, TIn
, TIdent "x"
]