    .global main
main:
    movq $5, 8(%rbp)
    movq 8(%rbp), %rax
