Program
    { body = ELet "x"
        ( EInt 5 )
        ( EIdent "x" )
    }