    .global main
main:
    movq $5, 8(%Rbp)
    movq 8(%Rbp), %Rax
