Program
    [ Movq
        ( AImm 5 )
        ( AVar
            ( x:0 )
        )
    , Movq
        ( AVar
            ( x:0 )
        ) ( AReg Rax )
    ]