Program
    { body = ELet
        ( x:0 )
        ( EInt 5 )
        ( EIdent
            ( x:0 )
        )
    , seed = Seed 1
    }