    .global main
main:
    movq $-5, 8(%Rbp)
    movq $4, 16(%Rbp)
    addq 8(%Rbp), 16(%Rbp)
    movq 16(%Rbp), %Rax
