Program
    { seed = Seed 2
    , body =
        [
            ( tmp:1 ) :=
            ( -5 )
        ,
            ( x:0 ) :=
            ( +6
            ,
                ( tmp:1 )
            )
        ]
    , result =
        ( x:0 )
    }