[ TLet
, TIdent "x"
, TBind
, TLParent
, TAdd
, TInt 4
, TLParent
, TSub
, TInt 5
, TRParent
, TRParent
, TIn
, TIdent "x"
]