    .global main
main:
    movq $-5, 8(%Rbp)
    movq $4, 16(%Rbp)
    movq 8(%Rbp), %Rax
    addq %Rax, 16(%Rbp)
    movq 16(%Rbp), %Rax
