Program
    { body = ELet "x"
        ( EAdd
            ( EInt 6 )
            ( ESub
                ( EInt 5 )
            )
        )
        ( EIdent "x" )
    }