    .global main
main:
    addi sp, sp, -16
    li   t0, -5
    sw   t0, 0(sp)
    lw   t0, 0(sp)
    addi t0, t0, 4
    sw   t0, 4(sp)
    lw   a0, 4(sp)
    addi sp, sp, 16
    ret
