Program
    { body = ELet
        ( x:0 )
        ( EAdd
            ( EInt 4 )
            ( ESub
                ( EInt 5 )
            )
        )
        ( EIdent
            ( x:0 )
        )
    , seed = Seed 1
    }