Program
    { seed = Seed 3
    , body =
        [
            ( tmp:2 ) :=
            ( -3 )
        ,
            ( y:1 ) :=
            ( +4
            ,
                ( tmp:2 )
            )
        ,
            ( x:0 ) :=
            ( y:1 )
        ]
    , result =
        ( x:0 )
    }