Program (ELet "x" (ELet "y" (EInt 1) (EIdent "y")) (EIdent "x"))