    .global main
main:
    pushq %rbp
    subq $32, %rsp
    movq $-3, 8(%rbp)
    movq $4, 16(%rbp)
    movq 8(%rbp), %rax
    addq %rax, 16(%rbp)
    movq 16(%rbp), %rax
    movq %rax, 24(%rbp)
    movq 24(%rbp), %rax
    addq $32, %rsp
    popq %rbp
    retq 